// Jest Snapshot v1, https://goo.gl/fbAQLP

exports[`Echo can do snapshot tests 1`] = `ReactWrapper {}`;
